{
  "pass_": false,
  "job_id": "eto_sterilization_validation",
  "target_temp_C": 55.0,
  "conservative_threshold_C": 56.0,
  "actual_hold_time_s": 0.0,
  "required_hold_time_s": 7200,
  "max_temp_C": 0.0,
  "min_temp_C": 0.0,
  "reasons": [
    "Insufficient data points for reliable analysis: 90 points, need at least 242"
  ],
  "warnings": []
}